// Vitest Snapshot v1

exports[`renders 1`] = `<button data-v-8943c846="" class="text-base text-k-text-primary bg-k-primary px-4 py-2.5 rounded cursor-pointer" type="button">Click Me Nao</button>`;
