// Vitest Snapshot v1

exports[`renders 1`] = `<span data-v-cf9b67d8="" class="btn-group inline-flex relative flex-nowrap"><button data-v-8943c846="" class="text-base text-k-text-primary bg-k-primary px-4 py-2.5 rounded cursor-pointer" type="button">Green</button><button data-v-8943c846="" class="text-base text-k-text-primary bg-k-primary px-4 py-2.5 rounded cursor-pointer" type="button">Orange</button><button data-v-8943c846="" class="text-base text-k-text-primary bg-k-primary px-4 py-2.5 rounded cursor-pointer" type="button">Blue</button></span>`;
